[backblue.gif]
[fade.gif]
[index.html]
[www.plataformapascal.com/NV/theme/combo77f0]
[www.plataformapascal.com/NV/theme/combo245a]
[www.plataformapascal.com/NV/theme/jquery.php/core/jquery-3.2.1.min.js]
[www.plataformapascal.com/NV/theme/jquery.php/theme_lambda/jquery.easing.min.1.4.js]
[www.plataformapascal.com/NV/theme/jquery.php/theme_lambda/scripts.js]
[www.plataformapascal.com/NV/theme/jquery.php/theme_lambda/camera.js]
[www.plataformapascal.com/NV/theme/jquery.php/theme_lambda/bxslider.js]
[www.plataformapascal.com/NV/lib/javascript.php/1610057684/lib/javascript.php]
[www.plataformapascal.com/NV/pluginfile.php/1/theme_lambda/logo/1610135029/logoNV3.png]
[www.plataformapascal.com/NV/login/index.html]
[www.plataformapascal.com/NV/lib/javascript.php/1610057684/lib/requirejs/javascript.php]
[www.plataformapascal.com/NV/theme/sprite_icons488d.png]
[www.plataformapascal.com/NV/theme/combo77f0]
[www.plataformapascal.com/NV/login/index9ed2.html]
[www.plataformapascal.com/NV/login/index0184.html]
[www.plataformapascal.com/NV/login/indexc69a.html]
[www.plataformapascal.com/NV/login/forgot_password.html]
[www.plataformapascal.com/NV/login/info@cenuevavision.html]
[www.plataformapascal.com/NV/login/info@plataformapascal.html]
[www.plataformapascal.com/NV/login/forgot_password9ed2.html]
[www.plataformapascal.com/NV/login/forgot_password0184.html]
[www.plataformapascal.com/NV/login/forgot_passwordc69a.html]
